/usr/pkg/bin/pdflatex
/usr/pkg/share/texmf/web2c/texmf.cnf
/usr/pkg/share/texmf/web2c/texmf.cnf
/usr/pkg/share/texmf/web2c/texmf.cnf
/usr/pkg/share/texmf/ls-R
/var/spool/texfonts/ls-R
/usr/pkg/share/texmf/aliases
./tut.tex
/usr/pkg/share/texmf/web2c/pdflatex.fmt
tut.tex
/usr/pkg/share/texmf/pdftex/config/pdftex.cfg
/home/admin/Python-2.2.1/Doc/texinputs/manual.cls
/home/admin/Python-2.2.1/Doc/texinputs/manual.cls
/home/admin/Python-2.2.1/Doc/texinputs/pypaper.sty
/home/admin/Python-2.2.1/Doc/texinputs/pypaper.sty
/usr/pkg/share/texmf/tex/latex/psnfss/times.sty
/usr/pkg/share/texmf/tex/latex/psnfss/times.sty
/usr/pkg/share/texmf/tex/latex/base/report.cls
/usr/pkg/share/texmf/tex/latex/base/report.cls
/usr/pkg/share/texmf/tex/latex/base/size10.clo
/usr/pkg/share/texmf/tex/latex/base/size10.clo
/usr/pkg/share/texmf/tex/latex/fancyhdr/fancyhdr.sty
/usr/pkg/share/texmf/tex/latex/fancyhdr/fancyhdr.sty
/home/admin/Python-2.2.1/Doc/texinputs/fncychap.sty
/home/admin/Python-2.2.1/Doc/texinputs/fncychap.sty
/home/admin/Python-2.2.1/Doc/texinputs/python.sty
/home/admin/Python-2.2.1/Doc/texinputs/python.sty
/usr/pkg/share/texmf/tex/latex/tools/longtable.sty
/usr/pkg/share/texmf/tex/latex/tools/longtable.sty
/usr/pkg/share/texmf/pdftex/plain/misc/pdfcolor.tex
/usr/pkg/share/texmf/pdftex/plain/misc/pdfcolor.tex
/usr/pkg/share/texmf/tex/latex/tools/verbatim.sty
/usr/pkg/share/texmf/tex/latex/tools/verbatim.sty
/usr/pkg/share/texmf/tex/latex/base/alltt.sty
/usr/pkg/share/texmf/tex/latex/base/alltt.sty
tut.aux
tut.aux
/usr/pkg/share/texmf/tex/latex/psnfss/ot1ptm.fd
/usr/pkg/share/texmf/tex/latex/psnfss/ot1ptm.fd
/usr/pkg/share/texmf/fonts/tfm/adobe/times/ptmr7t.tfm
/usr/pkg/share/texmf/fonts/tfm/adobe/times/ptmr7t.tfm
/usr/pkg/share/texmf/tex/latex/psnfss/ot1phv.fd
/usr/pkg/share/texmf/tex/latex/psnfss/ot1phv.fd
/usr/pkg/share/texmf/fonts/tfm/adobe/helvetic/phvr7t.tfm
/usr/pkg/share/texmf/fonts/tfm/adobe/times/ptmri7t.tfm
/usr/pkg/share/texmf/fonts/tfm/adobe/times/ptmri7t.tfm
/usr/pkg/share/texmf/fonts/tfm/adobe/helvetic/phvro7t.tfm
/usr/pkg/share/texmf/fonts/tfm/adobe/times/ptmr7t.tfm
/usr/pkg/share/texmf/fonts/tfm/adobe/helvetic/phvr7t.tfm
/usr/pkg/share/texmf/fonts/tfm/adobe/times/ptmr7t.tfm
/usr/pkg/share/texmf/fonts/tfm/adobe/times/ptmr7t.tfm
/usr/pkg/share/texmf/fonts/tfm/adobe/helvetic/phvr7t.tfm
/usr/pkg/share/texmf/fonts/vf/adobe/helvetic/phvr7t.vf
/usr/pkg/share/texmf/fonts/tfm/adobe/helvetic/phvr8r.tfm
/usr/pkg/share/texmf/dvips/config/pdftex.map
/usr/pkg/share/texmf/fonts/vf/adobe/helvetic/phvro7t.vf
/usr/pkg/share/texmf/fonts/tfm/adobe/helvetic/phvro8r.tfm
/usr/pkg/share/texmf/fonts/vf/adobe/helvetic/phvr7t.vf
/usr/pkg/share/texmf/fonts/tfm/adobe/helvetic/phvr8r.tfm
/usr/pkg/share/texmf/fonts/vf/adobe/times/ptmr7t.vf
/usr/pkg/share/texmf/fonts/tfm/adobe/times/ptmr8r.tfm
/usr/pkg/share/texmf/fonts/vf/adobe/helvetic/phvr7t.vf
/usr/pkg/share/texmf/fonts/tfm/adobe/helvetic/phvr8r.tfm
/usr/pkg/share/texmf/fonts/tfm/adobe/times/ptmb7t.tfm
/usr/pkg/share/texmf/fonts/vf/adobe/times/ptmb7t.vf
/usr/pkg/share/texmf/fonts/tfm/adobe/times/ptmb8r.tfm
/usr/pkg/share/texmf/fonts/vf/adobe/times/ptmr7t.vf
/usr/pkg/share/texmf/fonts/tfm/adobe/times/ptmr8r.tfm
tut.toc
tut.toc
/usr/pkg/share/texmf/tex/latex/psnfss/ot1pcr.fd
/usr/pkg/share/texmf/tex/latex/psnfss/ot1pcr.fd
/usr/pkg/share/texmf/fonts/tfm/adobe/courier/pcrb7t.tfm
/usr/pkg/share/texmf/fonts/tfm/adobe/helvetic/phvr7t.tfm
/usr/pkg/share/texmf/fonts/vf/adobe/courier/pcrb7t.vf
/usr/pkg/share/texmf/fonts/tfm/adobe/courier/pcrb8r.tfm
/usr/pkg/share/texmf/fonts/vf/adobe/helvetic/phvr7t.vf
/usr/pkg/share/texmf/fonts/tfm/adobe/helvetic/phvr8r.tfm
intro.tex
intro.tex
/usr/pkg/share/texmf/fonts/tfm/adobe/helvetic/phvb7t.tfm
/usr/pkg/share/texmf/fonts/tfm/adobe/helvetic/phvb7t.tfm
/usr/pkg/share/texmf/fonts/tfm/adobe/times/ptmr7t.tfm
/usr/pkg/share/texmf/fonts/tfm/adobe/helvetic/phvr7t.tfm
/usr/pkg/share/texmf/fonts/tfm/adobe/helvetic/phvr7t.tfm
/usr/pkg/share/texmf/fonts/vf/adobe/helvetic/phvb7t.vf
/usr/pkg/share/texmf/fonts/tfm/adobe/helvetic/phvb8r.tfm
/usr/pkg/share/texmf/fonts/vf/adobe/helvetic/phvr7t.vf
/usr/pkg/share/texmf/fonts/tfm/adobe/helvetic/phvr8r.tfm
/usr/pkg/share/texmf/fonts/vf/adobe/times/ptmri7t.vf
/usr/pkg/share/texmf/fonts/tfm/adobe/times/ptmri8r.tfm
/usr/pkg/share/texmf/fonts/vf/adobe/helvetic/phvr7t.vf
/usr/pkg/share/texmf/fonts/tfm/adobe/helvetic/phvr8r.tfm
/usr/pkg/share/texmf/tex/latex/psnfss/omsptm.fd
/usr/pkg/share/texmf/tex/latex/psnfss/omsptm.fd
/usr/pkg/share/texmf/fonts/tfm/adobe/courier/pcrr7t.tfm
/usr/pkg/share/texmf/fonts/vf/adobe/courier/pcrr7t.vf
/usr/pkg/share/texmf/fonts/tfm/adobe/courier/pcrr8r.tfm
binding.tex
binding.tex
/usr/pkg/share/texmf/fonts/tfm/adobe/courier/pcrr7t.tfm
/usr/pkg/share/texmf/fonts/vf/adobe/courier/pcrr7t.vf
/usr/pkg/share/texmf/fonts/tfm/adobe/courier/pcrr8r.tfm
/usr/pkg/share/texmf/fonts/vf/adobe/times/ptmr7t.vf
/usr/pkg/share/texmf/fonts/tfm/adobe/times/ptmr8r.tfm
/usr/pkg/share/texmf/fonts/tfm/adobe/courier/pcrr7t.tfm
/usr/pkg/share/texmf/fonts/vf/adobe/courier/pcrr7t.vf
/usr/pkg/share/texmf/fonts/tfm/adobe/courier/pcrr8r.tfm
/usr/pkg/share/texmf/fonts/tfm/adobe/times/ptmbi7t.tfm
/usr/pkg/share/texmf/fonts/vf/adobe/times/ptmbi7t.vf
/usr/pkg/share/texmf/fonts/tfm/adobe/times/ptmbi8r.tfm
tut.aux
/usr/pkg/share/texmf/dvips/base/8r.enc
/usr/pkg/share/texmf/dvips/base/texnansi.enc
